// 重构日志: ffd67ffc
// 重构日志: 78ffffcd
// 重构日志: 3b0121de
// 重构日志: 93782683
// 重构日志: e6dcc2ad
// 同步 ID: e93cdd57 @ Sun Jul 26 16:22:31 UTC 2026
// 同步 ID: 64774029 @ Mon Jul 27 08:57:06 UTC 2026
// 同步 ID: 1307c26f @ Mon Jul 27 16:18:34 UTC 2026
// 重构日志: 6ee617c7
// 同步 ID: aab7cd03 @ Wed Jul 29 00:09:23 UTC 2026
// 同步 ID: 8d7cd02b @ Wed Jul 29 17:35:00 UTC 2026
// 同步 ID: 52733dbe @ Thu Jul 30 03:37:07 UTC 2026
// 重构日志: f14c195e
// 重构日志: b84bf152
// 重构日志: 6369c888
// 同步 ID: 22800b31 @ Sat Aug  1 22:16:40 UTC 2026
// 同步 ID: afee1977 @ Sun Aug  2 16:05:33 UTC 2026
// 同步 ID: 043f1444 @ Sun Aug  2 17:25:22 UTC 2026
// 同步 ID: 63dd8e18 @ Mon Aug  3 04:46:09 UTC 2026
// 重构日志: 39778ae8
// 同步 ID: c0dcc1e2 @ Wed Aug  5 03:48:32 UTC 2026
// 重构日志: 0f92b6c0
// 同步 ID: 38864271 @ Fri Aug  7 04:21:20 UTC 2026
// 重构日志: 07878f10
// 同步 ID: 5a930188 @ Fri Aug  7 16:21:54 UTC 2026
// 重构日志: e2aa3f57
// 重构日志: 08c009d6
// 同步 ID: 350202b4 @ Sat Aug  8 15:24:36 UTC 2026
// 重构日志: c8471d6a
// 同步 ID: 0b838bc0 @ Sat Aug  8 18:16:54 UTC 2026
